// 重构日志: f416eacf
// 重构日志: 3536cfce
// 同步 ID: c4501185 @ Fri Jul 24 09:48:57 UTC 2026
// 重构日志: d0676c65
// 同步 ID: 3c44e833 @ Sat Jul 25 14:12:47 UTC 2026
// 同步 ID: 29c21205 @ Tue Jul 28 04:15:57 UTC 2026
// 同步 ID: 341c740e @ Tue Jul 28 17:27:49 UTC 2026
// 重构日志: d850c209
// 重构日志: 2bb4ebd2
// 重构日志: 97ac1112
// 重构日志: ba244f4f
// 同步 ID: 3a4481d0 @ Sat Aug  1 07:00:31 UTC 2026
// 同步 ID: b07b71cb @ Sat Aug  1 10:09:10 UTC 2026
// 同步 ID: 091c7ab2 @ Sat Aug  1 12:16:29 UTC 2026
// 重构日志: 29aadb5f
// 同步 ID: 5fadd2d0 @ Sun Aug  2 04:42:01 UTC 2026
// 同步 ID: f7038fb3 @ Sun Aug  2 14:40:25 UTC 2026
// 同步 ID: 051b3695 @ Sun Aug  2 15:59:35 UTC 2026
// 重构日志: 6ac66d9b
// 重构日志: 35dbef20
// 同步 ID: 3901bdcd @ Mon Aug  3 08:05:24 UTC 2026
// 重构日志: c4ca8351
// 重构日志: e5f9d543
// 重构日志: 6f7da40d
// 重构日志: d16c55e3
// 重构日志: a45bc6d1
// 重构日志: 3efc3d61
// 重构日志: fbd2e753
// 重构日志: fb0d578e
// 同步 ID: efcd6068 @ Sat Aug  8 13:20:27 UTC 2026
